
> frontend@0.1.0 build
> next build

  Γû▓ Next.js 14.2.35
  - Environments: .env

   Creating an optimized production build ...
node.exe : 
At line:1 char:1
+ & "D:\/node.exe" "D:\/node_modules/npm/bin/npm-cli.js" run build
+ ~~~~~~~~~~~~~~~~~~~~~~~~~~~~~~~~~~~~~~~~~~~~~~~~~~~~~~~~~~~~~~~~
    + CategoryInfo          : NotSpecified: (:String) [], RemoteException
    + FullyQualifiedErrorId : NativeCommandError
 
[1m[33mwarn[39m[22m - The class `duration-[1300ms]` is ambiguous and matches multiple 
utilities.
[1m[33mwarn[39m[22m - If this is content and not a class, replace it with 
`duration-&lsqb;1300ms&rsqb;` to silence this warning.

[1m[33mwarn[39m[22m - The class `duration-[1500ms]` is ambiguous and matches multiple 
utilities.
[1m[33mwarn[39m[22m - If this is content and not a class, replace it with 
`duration-&lsqb;1500ms&rsqb;` to silence this warning.

[1m[33mwarn[39m[22m - The class `duration-[1800ms]` is ambiguous and matches multiple 
utilities.
[1m[33mwarn[39m[22m - If this is content and not a class, replace it with 
`duration-&lsqb;1800ms&rsqb;` to silence this warning.

[1m[33mwarn[39m[22m - The class `duration-[2000ms]` is ambiguous and matches multiple 
utilities.
[1m[33mwarn[39m[22m - If this is content and not a class, replace it with 
`duration-&lsqb;2000ms&rsqb;` to silence this warning.

[1m[33mwarn[39m[22m - The class `duration-[2200ms]` is ambiguous and matches multiple 
utilities.
[1m[33mwarn[39m[22m - If this is content and not a class, replace it with 
`duration-&lsqb;2200ms&rsqb;` to silence this warning.

[1m[33mwarn[39m[22m - The class `duration-[4s]` is ambiguous and matches multiple utilities.
[1m[33mwarn[39m[22m - If this is content and not a class, replace it with 
`duration-&lsqb;4s&rsqb;` to silence this warning.
 Γ£ô Compiled successfully
   Linting and checking validity of types ...

Failed to compile.

./src/app/checkout/page.tsx
269:30  Error: 'coords' is defined but never used.  @typescript-eslint/no-unused-vars

./src/app/page.tsx
71:20  Error: '_setIsAfter9' is assigned a value but never used.  @typescript-eslint/no-unused-vars
77:10  Error: 'showSpecs' is assigned a value but never used.  @typescript-eslint/no-unused-vars
443:21  Warning: Using `<img>` could result in slower LCP and higher bandwidth. Consider using 
`<Image />` from `next/image` to automatically optimize images. This may incur additional usage or 
cost from your provider. See: https://nextjs.org/docs/messages/no-img-element  
@next/next/no-img-element
558:67  Error: Unexpected any. Specify a different type.  @typescript-eslint/no-explicit-any
710:69  Error: Unexpected any. Specify a different type.  @typescript-eslint/no-explicit-any
1287:59  Error: Unexpected any. Specify a different type.  @typescript-eslint/no-explicit-any

./src/app/profile/page.tsx
245:17  Warning: Using `<img>` could result in slower LCP and higher bandwidth. Consider using 
`<Image />` from `next/image` to automatically optimize images. This may incur additional usage or 
cost from your provider. See: https://nextjs.org/docs/messages/no-img-element  
@next/next/no-img-element
461:21  Warning: Using `<img>` could result in slower LCP and higher bandwidth. Consider using 
`<Image />` from `next/image` to automatically optimize images. This may incur additional usage or 
cost from your provider. See: https://nextjs.org/docs/messages/no-img-element  
@next/next/no-img-element
547:19  Warning: Using `<img>` could result in slower LCP and higher bandwidth. Consider using 
`<Image />` from `next/image` to automatically optimize images. This may incur additional usage or 
cost from your provider. See: https://nextjs.org/docs/messages/no-img-element  
@next/next/no-img-element

./src/app/restaurants/[id]/ClientPage.tsx
44:25  Error: Unexpected any. Specify a different type.  @typescript-eslint/no-explicit-any
45:22  Error: Unexpected any. Specify a different type.  @typescript-eslint/no-explicit-any

./src/components/MapLocationPicker.tsx
19:9  Error: 'mapRef' is assigned a value but never used.  @typescript-eslint/no-unused-vars
19:25  Error: Unexpected any. Specify a different type.  @typescript-eslint/no-explicit-any
39:6  Warning: React Hook useEffect has a missing dependency: 'center'. Either include it or 
remove the dependency array.  react-hooks/exhaustive-deps
51:14  Error: 'err' is defined but never used.  @typescript-eslint/no-unused-vars
57:30  Error: Unexpected any. Specify a different type.  @typescript-eslint/no-explicit-any

./src/components/Tilt.tsx
2:25  Error: 'useState' is defined but never used.  @typescript-eslint/no-unused-vars

info  - Need to disable some ESLint rules? Learn more here: 
https://nextjs.org/docs/basic-features/eslint#disabling-rules
